** Drc report for macropad.kicad_pcb **
** Created on 2025-02-19T21:52:25+0530 **

** Found 85 DRC violations **
[copper_edge_clearance]: Board edge clearance violation (board setup constraints edge clearance 0.5 mm; actual 0.499999 mm)
    Rule: board setup constraints edge; error
    @(211.6000 mm, 154.6800 mm): Segment on Edge.Cuts
    @(210.7000 mm, 154.6285 mm): Track [Net-(D19-DOUT)] on F.Cu, length 1.1335 mm
[copper_edge_clearance]: Board edge clearance violation (board setup constraints edge clearance 0.5 mm; actual 0.499999 mm)
    Rule: board setup constraints edge; error
    @(176.9700 mm, 151.3800 mm): Segment on Edge.Cuts
    @(177.2185 mm, 154.9800 mm): Track [+5V] on B.Cu, length 0.9213 mm
[copper_edge_clearance]: Board edge clearance violation (board setup constraints edge clearance 0.5000 mm; actual 0.1000 mm)
    Rule: board setup constraints edge; error
    @(197.3600 mm, 161.3500 mm): Segment on Edge.Cuts
    @(192.1000 mm, 161.5500 mm): Track [Net-(D20-DOUT)] on B.Cu, length 18.5500 mm
[copper_edge_clearance]: Board edge clearance violation (board setup constraints edge clearance 0.5000 mm; actual 0.0167 mm)
    Rule: board setup constraints edge; error
    @(195.8500 mm, 132.4450 mm): Segment on Edge.Cuts
    @(194.3200 mm, 137.1400 mm): Track [+5V] on F.Cu, length 5.6710 mm
[copper_edge_clearance]: Board edge clearance violation (board setup constraints edge clearance 0.5000 mm; actual 0.0000 mm)
    Rule: board setup constraints edge; error
    @(211.6100 mm, 132.6950 mm): Segment on Edge.Cuts
    @(209.6335 mm, 136.8400 mm): Track [+5V] on F.Cu, length 8.8197 mm
[copper_edge_clearance]: Board edge clearance violation (board setup constraints edge clearance 0.5 mm; actual 0.499999 mm)
    Rule: board setup constraints edge; error
    @(177.0700 mm, 94.1900 mm): Segment on Edge.Cuts
    @(176.1985 mm, 98.9100 mm): Track [+5V] on F.Cu, length 2.2648 mm
[copper_edge_clearance]: Board edge clearance violation (board setup constraints edge clearance 0.5000 mm; actual 0.4300 mm)
    Rule: board setup constraints edge; error
    @(177.0700 mm, 94.1900 mm): Segment on Edge.Cuts
    @(177.8000 mm, 96.6200 mm): Via [+5V] on F.Cu - B.Cu
[copper_edge_clearance]: Board edge clearance violation (board setup constraints edge clearance 0.5000 mm; actual 0.0273 mm)
    Rule: board setup constraints edge; error
    @(195.8900 mm, 154.5200 mm): Segment on Edge.Cuts
    @(196.7900 mm, 153.8000 mm): Track [+5V] on B.Cu, length 5.2892 mm
[copper_edge_clearance]: Board edge clearance violation (board setup constraints edge clearance 0.5 mm; actual 0.499999 mm)
    Rule: board setup constraints edge; error
    @(239.0900 mm, 119.4000 mm): Segment on Edge.Cuts
    @(224.6200 mm, 105.7785 mm): Track [GND] on B.Cu, length 20.5365 mm
[copper_edge_clearance]: Board edge clearance violation (board setup constraints edge clearance 0.5000 mm; actual 0.0000 mm)
    Rule: board setup constraints edge; error
    @(173.4500 mm, 135.3300 mm): Segment on Edge.Cuts
    @(168.9300 mm, 129.7100 mm): Track [Net-(D15-DOUT)] on F.Cu, length 16.7301 mm
[copper_edge_clearance]: Board edge clearance violation (board setup constraints edge clearance 0.5000 mm; actual 0.0000 mm)
    Rule: board setup constraints edge; error
    @(195.8900 mm, 154.5200 mm): Segment on Edge.Cuts
    @(185.5478 mm, 146.3278 mm): Track [Net-(D15-DOUT)] on F.Cu, length 15.1352 mm
[copper_edge_clearance]: Board edge clearance violation (board setup constraints edge clearance 0.5 mm; actual 0.499999 mm)
    Rule: board setup constraints edge; error
    @(211.5300 mm, 116.5200 mm): Segment on Edge.Cuts
    @(210.6300 mm, 116.4685 mm): Track [Net-(D17-DOUT)] on B.Cu, length 3.2972 mm
[copper_edge_clearance]: Board edge clearance violation (board setup constraints edge clearance 0.5 mm; actual 0.499999 mm)
    Rule: board setup constraints edge; error
    @(176.9200 mm, 116.3800 mm): Segment on Edge.Cuts
    @(172.6200 mm, 116.3285 mm): Track [Net-(D23-DOUT)] on B.Cu, length 3.3821 mm
[copper_edge_clearance]: Board edge clearance violation (board setup constraints edge clearance 0.5000 mm; actual 0.3400 mm)
    Rule: board setup constraints edge; error
    @(154.4500 mm, 151.6000 mm): Segment on Edge.Cuts
    @(158.7500 mm, 152.3500 mm): Pad 1 [Net-(D29-DOUT)] of D29 on B.Cu
[copper_edge_clearance]: Board edge clearance violation (board setup constraints edge clearance 0.5000 mm; actual 0.3400 mm)
    Rule: board setup constraints edge; error
    @(154.4500 mm, 151.6000 mm): Segment on Edge.Cuts
    @(153.5500 mm, 152.3500 mm): Pad 2 [GND] of D29 on B.Cu
[copper_edge_clearance]: Board edge clearance violation (board setup constraints edge clearance 0.5000 mm; actual 0.0000 mm)
    Rule: board setup constraints edge; error
    @(154.4500 mm, 154.6000 mm): Segment on Edge.Cuts
    @(153.5500 mm, 153.8500 mm): Pad 3 [Net-(D28-DOUT)] of D29 on B.Cu
[copper_edge_clearance]: Board edge clearance violation (board setup constraints edge clearance 0.5000 mm; actual 0.0000 mm)
    Rule: board setup constraints edge; error
    @(157.8500 mm, 151.6000 mm): Segment on Edge.Cuts
    @(158.7500 mm, 153.8500 mm): Pad 4 [+5V] of D29 on B.Cu
[copper_edge_clearance]: Board edge clearance violation (board setup constraints edge clearance 0.5000 mm; actual 0.3400 mm)
    Rule: board setup constraints edge; error
    @(154.4400 mm, 132.4550 mm): Segment on Edge.Cuts
    @(158.7400 mm, 133.2050 mm): Pad 1 [Net-(D28-DOUT)] of D28 on B.Cu
[copper_edge_clearance]: Board edge clearance violation (board setup constraints edge clearance 0.5000 mm; actual 0.3400 mm)
    Rule: board setup constraints edge; error
    @(154.4400 mm, 132.4550 mm): Segment on Edge.Cuts
    @(153.5400 mm, 133.2050 mm): Pad 2 [GND] of D28 on B.Cu
[copper_edge_clearance]: Board edge clearance violation (board setup constraints edge clearance 0.5000 mm; actual 0.3400 mm)
    Rule: board setup constraints edge; error
    @(157.8400 mm, 135.4550 mm): Segment on Edge.Cuts
    @(153.5400 mm, 134.7050 mm): Pad 3 [Net-(D27-DOUT)] of D28 on B.Cu
[copper_edge_clearance]: Board edge clearance violation (board setup constraints edge clearance 0.5000 mm; actual 0.3400 mm)
    Rule: board setup constraints edge; error
    @(157.8400 mm, 135.4550 mm): Segment on Edge.Cuts
    @(158.7400 mm, 134.7050 mm): Pad 4 [+5V] of D28 on B.Cu
[copper_edge_clearance]: Board edge clearance violation (board setup constraints edge clearance 0.5000 mm; actual 0.3400 mm)
    Rule: board setup constraints edge; error
    @(192.5400 mm, 113.3900 mm): Segment on Edge.Cuts
    @(196.8400 mm, 114.1400 mm): Pad 1 [Net-(D23-DOUT)] of D23 on B.Cu
[copper_edge_clearance]: Board edge clearance violation (board setup constraints edge clearance 0.5000 mm; actual 0.3400 mm)
    Rule: board setup constraints edge; error
    @(192.5400 mm, 113.3900 mm): Segment on Edge.Cuts
    @(191.6400 mm, 114.1400 mm): Pad 2 [GND] of D23 on B.Cu
[copper_edge_clearance]: Board edge clearance violation (board setup constraints edge clearance 0.5000 mm; actual 0.0000 mm)
    Rule: board setup constraints edge; error
    @(192.5400 mm, 116.3900 mm): Segment on Edge.Cuts
    @(191.6400 mm, 115.6400 mm): Pad 3 [Net-(D22-DOUT)] of D23 on B.Cu
[copper_edge_clearance]: Board edge clearance violation (board setup constraints edge clearance 0.5000 mm; actual 0.0000 mm)
    Rule: board setup constraints edge; error
    @(195.9400 mm, 113.3900 mm): Segment on Edge.Cuts
    @(196.8400 mm, 115.6400 mm): Pad 4 [+5V] of D23 on B.Cu
[copper_edge_clearance]: Board edge clearance violation (board setup constraints edge clearance 0.5000 mm; actual 0.0000 mm)
    Rule: board setup constraints edge; error
    @(239.0900 mm, 116.0000 mm): Segment on Edge.Cuts
    @(239.8400 mm, 115.1000 mm): Pad 1 [Net-(D17-DOUT)] of D17 on B.Cu
[copper_edge_clearance]: Board edge clearance violation (board setup constraints edge clearance 0.5000 mm; actual 0.3400 mm)
    Rule: board setup constraints edge; error
    @(239.0900 mm, 119.4000 mm): Segment on Edge.Cuts
    @(239.8400 mm, 120.3000 mm): Pad 2 [GND] of D17 on B.Cu
[copper_edge_clearance]: Board edge clearance violation (board setup constraints edge clearance 0.5000 mm; actual 0.3400 mm)
    Rule: board setup constraints edge; error
    @(242.0900 mm, 116.0000 mm): Segment on Edge.Cuts
    @(241.3400 mm, 120.3000 mm): Pad 3 [Net-(D16-DOUT)] of D17 on B.Cu
[copper_edge_clearance]: Board edge clearance violation (board setup constraints edge clearance 0.5000 mm; actual 0.0000 mm)
    Rule: board setup constraints edge; error
    @(239.0900 mm, 116.0000 mm): Segment on Edge.Cuts
    @(241.3400 mm, 115.1000 mm): Pad 4 [+5V] of D17 on B.Cu
[copper_edge_clearance]: Board edge clearance violation (board setup constraints edge clearance 0.5000 mm; actual 0.3400 mm)
    Rule: board setup constraints edge; error
    @(154.4600 mm, 113.3800 mm): Segment on Edge.Cuts
    @(158.7600 mm, 114.1300 mm): Pad 1 [Net-(D27-DOUT)] of D27 on B.Cu
[copper_edge_clearance]: Board edge clearance violation (board setup constraints edge clearance 0.5000 mm; actual 0.3400 mm)
    Rule: board setup constraints edge; error
    @(154.4600 mm, 113.3800 mm): Segment on Edge.Cuts
    @(153.5600 mm, 114.1300 mm): Pad 2 [GND] of D27 on B.Cu
[copper_edge_clearance]: Board edge clearance violation (board setup constraints edge clearance 0.5000 mm; actual 0.3400 mm)
    Rule: board setup constraints edge; error
    @(157.8600 mm, 116.3800 mm): Segment on Edge.Cuts
    @(153.5600 mm, 115.6300 mm): Pad 3 [Net-(D26-DOUT)] of D27 on B.Cu
[copper_edge_clearance]: Board edge clearance violation (board setup constraints edge clearance 0.5000 mm; actual 0.3400 mm)
    Rule: board setup constraints edge; error
    @(157.8600 mm, 116.3800 mm): Segment on Edge.Cuts
    @(158.7600 mm, 115.6300 mm): Pad 4 [+5V] of D27 on B.Cu
[copper_edge_clearance]: Board edge clearance violation (board setup constraints edge clearance 0.5000 mm; actual 0.3400 mm)
    Rule: board setup constraints edge; error
    @(192.4900 mm, 151.5200 mm): Segment on Edge.Cuts
    @(196.7900 mm, 152.2700 mm): Pad 1 [Net-(D21-DOUT)] of D21 on B.Cu
[copper_edge_clearance]: Board edge clearance violation (board setup constraints edge clearance 0.5000 mm; actual 0.3400 mm)
    Rule: board setup constraints edge; error
    @(192.4900 mm, 151.5200 mm): Segment on Edge.Cuts
    @(191.5900 mm, 152.2700 mm): Pad 2 [GND] of D21 on B.Cu
[copper_edge_clearance]: Board edge clearance violation (board setup constraints edge clearance 0.5000 mm; actual 0.3400 mm)
    Rule: board setup constraints edge; error
    @(195.8900 mm, 154.5200 mm): Segment on Edge.Cuts
    @(191.5900 mm, 153.7700 mm): Pad 3 [Net-(D20-DOUT)] of D21 on B.Cu
[copper_edge_clearance]: Board edge clearance violation (board setup constraints edge clearance 0.5000 mm; actual 0.3400 mm)
    Rule: board setup constraints edge; error
    @(195.8900 mm, 154.5200 mm): Segment on Edge.Cuts
    @(196.7900 mm, 153.7700 mm): Pad 4 [+5V] of D21 on B.Cu
[copper_edge_clearance]: Board edge clearance violation (board setup constraints edge clearance 0.5000 mm; actual 0.3400 mm)
    Rule: board setup constraints edge; error
    @(211.6000 mm, 151.6800 mm): Segment on Edge.Cuts
    @(215.9000 mm, 152.4300 mm): Pad 1 [Net-(D20-DOUT)] of D20 on B.Cu
[copper_edge_clearance]: Board edge clearance violation (board setup constraints edge clearance 0.5000 mm; actual 0.0000 mm)
    Rule: board setup constraints edge; error
    @(211.6000 mm, 154.6800 mm): Segment on Edge.Cuts
    @(210.7000 mm, 152.4300 mm): Pad 2 [GND] of D20 on B.Cu
[copper_edge_clearance]: Board edge clearance violation (board setup constraints edge clearance 0.5000 mm; actual 0.0000 mm)
    Rule: board setup constraints edge; error
    @(211.6000 mm, 154.6800 mm): Segment on Edge.Cuts
    @(210.7000 mm, 153.9300 mm): Pad 3 [Net-(D19-DOUT)] of D20 on B.Cu
[copper_edge_clearance]: Board edge clearance violation (board setup constraints edge clearance 0.5000 mm; actual 0.3400 mm)
    Rule: board setup constraints edge; error
    @(215.0000 mm, 154.6800 mm): Segment on Edge.Cuts
    @(215.9000 mm, 153.9300 mm): Pad 4 [+5V] of D20 on B.Cu
[copper_edge_clearance]: Board edge clearance violation (board setup constraints edge clearance 0.5000 mm; actual 0.3400 mm)
    Rule: board setup constraints edge; error
    @(211.6100 mm, 132.6950 mm): Segment on Edge.Cuts
    @(215.9100 mm, 133.4450 mm): Pad 1 [Net-(D19-DOUT)] of D19 on B.Cu
[copper_edge_clearance]: Board edge clearance violation (board setup constraints edge clearance 0.5000 mm; actual 0.3400 mm)
    Rule: board setup constraints edge; error
    @(211.6100 mm, 132.6950 mm): Segment on Edge.Cuts
    @(210.7100 mm, 133.4450 mm): Pad 2 [GND] of D19 on B.Cu
[copper_edge_clearance]: Board edge clearance violation (board setup constraints edge clearance 0.5000 mm; actual 0.0000 mm)
    Rule: board setup constraints edge; error
    @(211.6100 mm, 135.6950 mm): Segment on Edge.Cuts
    @(210.7100 mm, 134.9450 mm): Pad 3 [Net-(D18-DOUT)] of D19 on B.Cu
[copper_edge_clearance]: Board edge clearance violation (board setup constraints edge clearance 0.5000 mm; actual 0.0000 mm)
    Rule: board setup constraints edge; error
    @(215.0100 mm, 132.6950 mm): Segment on Edge.Cuts
    @(215.9100 mm, 134.9450 mm): Pad 4 [+5V] of D19 on B.Cu
[copper_edge_clearance]: Board edge clearance violation (board setup constraints edge clearance 0.5000 mm; actual 0.3400 mm)
    Rule: board setup constraints edge; error
    @(154.4900 mm, 94.2300 mm): Segment on Edge.Cuts
    @(158.7900 mm, 94.9800 mm): Pad 1 [Net-(D26-DOUT)] of D26 on B.Cu
[copper_edge_clearance]: Board edge clearance violation (board setup constraints edge clearance 0.5000 mm; actual 0.3400 mm)
    Rule: board setup constraints edge; error
    @(154.4900 mm, 94.2300 mm): Segment on Edge.Cuts
    @(153.5900 mm, 94.9800 mm): Pad 2 [GND] of D26 on B.Cu
[copper_edge_clearance]: Board edge clearance violation (board setup constraints edge clearance 0.5000 mm; actual 0.0000 mm)
    Rule: board setup constraints edge; error
    @(154.4900 mm, 97.2300 mm): Segment on Edge.Cuts
    @(153.5900 mm, 96.4800 mm): Pad 3 [Net-(D25-DOUT)] of D26 on B.Cu
[copper_edge_clearance]: Board edge clearance violation (board setup constraints edge clearance 0.5000 mm; actual 0.0000 mm)
    Rule: board setup constraints edge; error
    @(157.8900 mm, 94.2300 mm): Segment on Edge.Cuts
    @(158.7900 mm, 96.4800 mm): Pad 4 [+5V] of D26 on B.Cu
[copper_edge_clearance]: Board edge clearance violation (board setup constraints edge clearance 0.5000 mm; actual 0.0000 mm)
    Rule: board setup constraints edge; error
    @(176.9200 mm, 113.3800 mm): Segment on Edge.Cuts
    @(177.8200 mm, 114.1300 mm): Pad 1 [Net-(D24-DOUT)] of D24 on B.Cu
[copper_edge_clearance]: Board edge clearance violation (board setup constraints edge clearance 0.5000 mm; actual 0.3400 mm)
    Rule: board setup constraints edge; error
    @(173.5200 mm, 113.3800 mm): Segment on Edge.Cuts
    @(172.6200 mm, 114.1300 mm): Pad 2 [GND] of D24 on B.Cu
[copper_edge_clearance]: Board edge clearance violation (board setup constraints edge clearance 0.5000 mm; actual 0.3400 mm)
    Rule: board setup constraints edge; error
    @(176.9200 mm, 116.3800 mm): Segment on Edge.Cuts
    @(172.6200 mm, 115.6300 mm): Pad 3 [Net-(D23-DOUT)] of D24 on B.Cu
[copper_edge_clearance]: Board edge clearance violation (board setup constraints edge clearance 0.5000 mm; actual 0.0000 mm)
    Rule: board setup constraints edge; error
    @(176.9200 mm, 113.3800 mm): Segment on Edge.Cuts
    @(177.8200 mm, 115.6300 mm): Pad 4 [+5V] of D24 on B.Cu
[copper_edge_clearance]: Board edge clearance violation (board setup constraints edge clearance 0.5000 mm; actual 0.3400 mm)
    Rule: board setup constraints edge; error
    @(173.5700 mm, 151.3800 mm): Segment on Edge.Cuts
    @(177.8700 mm, 152.1300 mm): Pad 1 [Net-(D30-DOUT)] of D30 on B.Cu
[copper_edge_clearance]: Board edge clearance violation (board setup constraints edge clearance 0.5000 mm; actual 0.3400 mm)
    Rule: board setup constraints edge; error
    @(173.5700 mm, 151.3800 mm): Segment on Edge.Cuts
    @(172.6700 mm, 152.1300 mm): Pad 2 [GND] of D30 on B.Cu
[copper_edge_clearance]: Board edge clearance violation (board setup constraints edge clearance 0.5000 mm; actual 0.0000 mm)
    Rule: board setup constraints edge; error
    @(173.5700 mm, 154.3800 mm): Segment on Edge.Cuts
    @(172.6700 mm, 153.6300 mm): Pad 3 [Net-(D29-DOUT)] of D30 on B.Cu
[copper_edge_clearance]: Board edge clearance violation (board setup constraints edge clearance 0.5000 mm; actual 0.0000 mm)
    Rule: board setup constraints edge; error
    @(176.9700 mm, 151.3800 mm): Segment on Edge.Cuts
    @(177.8700 mm, 153.6300 mm): Pad 4 [+5V] of D30 on B.Cu
[copper_edge_clearance]: Board edge clearance violation (board setup constraints edge clearance 0.5000 mm; actual 0.3400 mm)
    Rule: board setup constraints edge; error
    @(211.5300 mm, 113.5200 mm): Segment on Edge.Cuts
    @(215.8300 mm, 114.2700 mm): Pad 1 [Net-(D18-DOUT)] of D18 on B.Cu
[copper_edge_clearance]: Board edge clearance violation (board setup constraints edge clearance 0.5000 mm; actual 0.3400 mm)
    Rule: board setup constraints edge; error
    @(211.5300 mm, 113.5200 mm): Segment on Edge.Cuts
    @(210.6300 mm, 114.2700 mm): Pad 2 [GND] of D18 on B.Cu
[copper_edge_clearance]: Board edge clearance violation (board setup constraints edge clearance 0.5000 mm; actual 0.0000 mm)
    Rule: board setup constraints edge; error
    @(211.5300 mm, 116.5200 mm): Segment on Edge.Cuts
    @(210.6300 mm, 115.7700 mm): Pad 3 [Net-(D17-DOUT)] of D18 on B.Cu
[copper_edge_clearance]: Board edge clearance violation (board setup constraints edge clearance 0.5000 mm; actual 0.0000 mm)
    Rule: board setup constraints edge; error
    @(214.9300 mm, 113.5200 mm): Segment on Edge.Cuts
    @(215.8300 mm, 115.7700 mm): Pad 4 [+5V] of D18 on B.Cu
[copper_edge_clearance]: Board edge clearance violation (board setup constraints edge clearance 0.5000 mm; actual 0.0000 mm)
    Rule: board setup constraints edge; error
    @(193.9600 mm, 161.3500 mm): Segment on Edge.Cuts
    @(193.0600 mm, 159.1000 mm): Pad 4 [+5V] of D16 on B.Cu
[copper_edge_clearance]: Board edge clearance violation (board setup constraints edge clearance 0.5000 mm; actual 0.0000 mm)
    Rule: board setup constraints edge; error
    @(197.3600 mm, 158.3500 mm): Segment on Edge.Cuts
    @(198.2600 mm, 159.1000 mm): Pad 3 [Net-(D15-DOUT)] of D16 on B.Cu
[copper_edge_clearance]: Board edge clearance violation (board setup constraints edge clearance 0.5000 mm; actual 0.3400 mm)
    Rule: board setup constraints edge; error
    @(197.3600 mm, 161.3500 mm): Segment on Edge.Cuts
    @(198.2600 mm, 160.6000 mm): Pad 2 [GND] of D16 on B.Cu
[copper_edge_clearance]: Board edge clearance violation (board setup constraints edge clearance 0.5000 mm; actual 0.3400 mm)
    Rule: board setup constraints edge; error
    @(197.3600 mm, 161.3500 mm): Segment on Edge.Cuts
    @(193.0600 mm, 160.6000 mm): Pad 1 [Net-(D16-DOUT)] of D16 on B.Cu
[copper_edge_clearance]: Board edge clearance violation (board setup constraints edge clearance 0.5000 mm; actual 0.3400 mm)
    Rule: board setup constraints edge; error
    @(192.4500 mm, 132.4450 mm): Segment on Edge.Cuts
    @(196.7500 mm, 133.1950 mm): Pad 1 [Net-(D22-DOUT)] of D22 on B.Cu
[copper_edge_clearance]: Board edge clearance violation (board setup constraints edge clearance 0.5000 mm; actual 0.3400 mm)
    Rule: board setup constraints edge; error
    @(192.4500 mm, 132.4450 mm): Segment on Edge.Cuts
    @(191.5500 mm, 133.1950 mm): Pad 2 [GND] of D22 on B.Cu
[copper_edge_clearance]: Board edge clearance violation (board setup constraints edge clearance 0.5000 mm; actual 0.0000 mm)
    Rule: board setup constraints edge; error
    @(192.4500 mm, 135.4450 mm): Segment on Edge.Cuts
    @(191.5500 mm, 134.6950 mm): Pad 3 [Net-(D21-DOUT)] of D22 on B.Cu
[copper_edge_clearance]: Board edge clearance violation (board setup constraints edge clearance 0.5000 mm; actual 0.0000 mm)
    Rule: board setup constraints edge; error
    @(195.8500 mm, 132.4450 mm): Segment on Edge.Cuts
    @(196.7500 mm, 134.6950 mm): Pad 4 [+5V] of D22 on B.Cu
[copper_edge_clearance]: Board edge clearance violation (board setup constraints edge clearance 0.5000 mm; actual 0.3400 mm)
    Rule: board setup constraints edge; error
    @(173.4500 mm, 132.3300 mm): Segment on Edge.Cuts
    @(177.7500 mm, 133.0800 mm): Pad 1 [unconnected-(D31-DOUT-Pad1)] of D31 on B.Cu
[copper_edge_clearance]: Board edge clearance violation (board setup constraints edge clearance 0.5000 mm; actual 0.3400 mm)
    Rule: board setup constraints edge; error
    @(173.4500 mm, 132.3300 mm): Segment on Edge.Cuts
    @(172.5500 mm, 133.0800 mm): Pad 2 [GND] of D31 on B.Cu
[copper_edge_clearance]: Board edge clearance violation (board setup constraints edge clearance 0.5000 mm; actual 0.0000 mm)
    Rule: board setup constraints edge; error
    @(173.4500 mm, 135.3300 mm): Segment on Edge.Cuts
    @(172.5500 mm, 134.5800 mm): Pad 3 [Net-(D30-DOUT)] of D31 on B.Cu
[copper_edge_clearance]: Board edge clearance violation (board setup constraints edge clearance 0.5000 mm; actual 0.0000 mm)
    Rule: board setup constraints edge; error
    @(176.8500 mm, 132.3300 mm): Segment on Edge.Cuts
    @(177.7500 mm, 134.5800 mm): Pad 4 [+5V] of D31 on B.Cu
[copper_edge_clearance]: Board edge clearance violation (board setup constraints edge clearance 0.5000 mm; actual 0.0000 mm)
    Rule: board setup constraints edge; error
    @(193.4800 mm, 65.2000 mm): Segment on Edge.Cuts
    @(192.5800 mm, 64.4500 mm): Pad 1 [Net-(D100-DOUT)] of D100 on B.Cu
[copper_edge_clearance]: Board edge clearance violation (board setup constraints edge clearance 0.5000 mm; actual 0.0000 mm)
    Rule: board setup constraints edge; error
    @(196.8800 mm, 62.2000 mm): Segment on Edge.Cuts
    @(197.7800 mm, 64.4500 mm): Pad 2 [GND] of D100 on B.Cu
[copper_edge_clearance]: Board edge clearance violation (board setup constraints edge clearance 0.5000 mm; actual 0.3400 mm)
    Rule: board setup constraints edge; error
    @(193.4800 mm, 62.2000 mm): Segment on Edge.Cuts
    @(197.7800 mm, 62.9500 mm): Pad 3 [Net-(D100-DIN)] of D100 on B.Cu
[copper_edge_clearance]: Board edge clearance violation (board setup constraints edge clearance 0.5000 mm; actual 0.3400 mm)
    Rule: board setup constraints edge; error
    @(193.4800 mm, 62.2000 mm): Segment on Edge.Cuts
    @(192.5800 mm, 62.9500 mm): Pad 4 [+5V] of D100 on B.Cu
[copper_edge_clearance]: Board edge clearance violation (board setup constraints edge clearance 0.5000 mm; actual 0.3400 mm)
    Rule: board setup constraints edge; error
    @(173.6700 mm, 94.1900 mm): Segment on Edge.Cuts
    @(177.9700 mm, 94.9400 mm): Pad 1 [Net-(D25-DOUT)] of D25 on B.Cu
[copper_edge_clearance]: Board edge clearance violation (board setup constraints edge clearance 0.5000 mm; actual 0.3400 mm)
    Rule: board setup constraints edge; error
    @(173.6700 mm, 94.1900 mm): Segment on Edge.Cuts
    @(172.7700 mm, 94.9400 mm): Pad 2 [GND] of D25 on B.Cu
[copper_edge_clearance]: Board edge clearance violation (board setup constraints edge clearance 0.5000 mm; actual 0.0000 mm)
    Rule: board setup constraints edge; error
    @(173.6700 mm, 97.1900 mm): Segment on Edge.Cuts
    @(172.7700 mm, 96.4400 mm): Pad 3 [Net-(D24-DOUT)] of D25 on B.Cu
[copper_edge_clearance]: Board edge clearance violation (board setup constraints edge clearance 0.5000 mm; actual 0.0000 mm)
    Rule: board setup constraints edge; error
    @(177.0700 mm, 94.1900 mm): Segment on Edge.Cuts
    @(177.9700 mm, 96.4400 mm): Pad 4 [+5V] of D25 on B.Cu
[copper_edge_clearance]: Board edge clearance violation (board setup constraints edge clearance 0.5000 mm; actual 0.3400 mm)
    Rule: board setup constraints edge; error
    @(146.2400 mm, 109.7900 mm): Segment on Edge.Cuts
    @(145.4900 mm, 114.0900 mm): Pad 1 [Net-(D15-DOUT)] of D15 on B.Cu
[copper_edge_clearance]: Board edge clearance violation (board setup constraints edge clearance 0.5000 mm; actual 0.0000 mm)
    Rule: board setup constraints edge; error
    @(143.2400 mm, 109.7900 mm): Segment on Edge.Cuts
    @(145.4900 mm, 108.8900 mm): Pad 2 [GND] of D15 on B.Cu
[copper_edge_clearance]: Board edge clearance violation (board setup constraints edge clearance 0.5000 mm; actual 0.0000 mm)
    Rule: board setup constraints edge; error
    @(143.2400 mm, 109.7900 mm): Segment on Edge.Cuts
    @(143.9900 mm, 108.8900 mm): Pad 3 [Net-(D100-DOUT)] of D15 on B.Cu
[copper_edge_clearance]: Board edge clearance violation (board setup constraints edge clearance 0.5000 mm; actual 0.3400 mm)
    Rule: board setup constraints edge; error
    @(143.2400 mm, 113.1900 mm): Segment on Edge.Cuts
    @(143.9900 mm, 114.0900 mm): Pad 4 [+5V] of D15 on B.Cu

** Found 12 unconnected pads **
[unconnected_items]: Missing connection between items
    Local override; error
    @(219.2150 mm, 65.0585 mm): Pad 14 [+5V] of U1 on F.Cu
    @(222.3400 mm, 65.0900 mm): Track [+5V] on B.Cu, length 3.0000 mm
[unconnected_items]: Missing connection between items
    Local override; error
    @(159.7500 mm, 96.5100 mm): Track [+5V] on F.Cu, length 0.6200 mm
    @(158.7900 mm, 96.4800 mm): Pad 4 [+5V] of D26 on B.Cu
[unconnected_items]: Missing connection between items
    Local override; error
    @(194.3200 mm, 137.1400 mm): Track [+5V] on F.Cu, length 5.6710 mm
    @(196.7500 mm, 134.6950 mm): Pad 4 [+5V] of D22 on B.Cu
[unconnected_items]: Missing connection between items
    Local override; error
    @(196.9300 mm, 82.5200 mm): Pad 10 [GND] of U3 on F.Cu
    @(194.5600 mm, 80.2100 mm): Track [GND] on B.Cu, length 3.0830 mm
[unconnected_items]: Missing connection between items
    Local override; error
    @(187.6300 mm, 79.9800 mm): Pad 17 [GND] of U3 on F.Cu
    @(187.3800 mm, 79.9900 mm): Track [GND] on B.Cu, length 1.5415 mm
[unconnected_items]: Missing connection between items
    Local override; error
    @(199.6900 mm, 84.6200 mm): Track [GND] on B.Cu, length 2.8850 mm
    @(196.9300 mm, 82.5200 mm): Pad 10 [GND] of U3 on F.Cu
[unconnected_items]: Missing connection between items
    Local override; error
    @(192.5800 mm, 64.4500 mm): Pad 1 [Net-(D100-DOUT)] of D100 on B.Cu
    @(187.3671 mm, 64.4400 mm): Track [Net-(D100-DOUT)] on F.Cu, length 5.1929 mm
[unconnected_items]: Missing connection between items
    Local override; error
    @(210.7700 mm, 161.2400 mm): Track [Net-(D20-DOUT)] on B.Cu, length 11.7663 mm
    @(192.1000 mm, 161.5500 mm): Track [Net-(D20-DOUT)] on B.Cu, length 18.5500 mm
[unconnected_items]: Missing connection between items
    Local override; error
    @(153.5900 mm, 96.4800 mm): Pad 3 [Net-(D25-DOUT)] of D26 on B.Cu
    @(149.8400 mm, 92.9500 mm): Track [Net-(D25-DOUT)] on F.Cu, length 5.1902 mm
[unconnected_items]: Missing connection between items
    Local override; error
    @(158.7700 mm, 132.4200 mm): Track [Net-(D28-DOUT)] on F.Cu, length 0.7200 mm
    @(158.7400 mm, 133.2050 mm): Pad 1 [Net-(D28-DOUT)] of D28 on B.Cu
[unconnected_items]: Missing connection between items
    Local override; error
    @(197.0605 mm, 78.8205 mm): Track [Net-(U1-GPIO3/MOSI)] on B.Cu, length 0.2270 mm
    @(196.9300 mm, 78.7100 mm): Pad 13 [Net-(U1-GPIO3/MOSI)] of U3 on F.Cu
[unconnected_items]: Missing connection between items
    Local override; error
    @(196.9300 mm, 77.4400 mm): Pad 14 [Net-(U1-GPIO4/MISO)] of U3 on F.Cu
    @(198.0935 mm, 76.6965 mm): Track [Net-(U1-GPIO4/MISO)] on B.Cu, length 1.1646 mm

** Found 0 Footprint errors **

** End of Report **
